// Jest Snapshot v1, https://goo.gl/fbAQLP

exports[`App's core rendering tests Renders correctly :) 1`] = `
<div
  className="App"
>
  <header
    className="App-header"
  >
    <img
      alt="logo"
      className="App-logo"
      src="logo.svg"
    />
    WeCliques say's, "Hello World"
    <div
      style={
        Object {
          "height": "auto",
          "width": 660,
        }
      }
    >
      <div
        className=""
      >
        <div
          className={null}
          id={null}
        />
      </div>
      <button
        className="btn btn-primary"
        disabled={false}
        onClick={[Function]}
        type="button"
      >
        Play
      </button>
      <button
        className="btn btn-primary"
        disabled={false}
        onClick={[Function]}
        type="button"
      >
        Pause
      </button>
      <button
        className="btn btn-primary"
        disabled={false}
        onClick={[Function]}
        type="button"
      >
        Segment Start
      </button>
      <button
        className="btn btn-primary"
        disabled={false}
        onClick={[Function]}
        type="button"
      >
        In-Mark
      </button>
      <button
        className="btn btn-primary"
        disabled={false}
        onClick={[Function]}
        type="button"
      >
        Out-Mark
      </button>
      <button
        className="btn btn-primary"
        disabled={false}
        onClick={[Function]}
        type="button"
      >
        full-play
      </button>
    </div>
  </header>
</div>
`;
